// Jest Snapshot v1, https://goo.gl/fbAQLP

exports[`renders correctly 1`] = `
<div
  className=" z-10 w-44 bg-white rounded divide-y divide-gray-100 shadow dark:bg-gray-700 absolute top-0"
  id="dropdown"
>
  <ul
    aria-labelledby="dropdownDefault"
    className="py-1 text-sm text-gray-700 dark:text-gray-200"
  >
    <li>
      <div
        className="block py-2 px-4 hover:bg-gray-100 dark:hover:bg-gray-600 dark:hover:text-white"
        onClick={[Function]}
      >
        1
      </div>
    </li>
    <li>
      <div
        className="block py-2 px-4 hover:bg-gray-100 dark:hover:bg-gray-600 dark:hover:text-white"
        onClick={[Function]}
      >
        2
      </div>
    </li>
  </ul>
</div>
`;
